
> frontend@1.0.0 test
> jest --watchAll --watchAll=false

● Validation Warning:

  Unknown option "setupFilesAfterFramework" with value ["./jest.setup.js"] was found.
  This is probably a typing mistake. Fixing it will remove this message.

  Configuration Documentation:
  https://jestjs.io/docs/configuration

● Validation Warning:

  Unknown option "setupFilesAfterFramework" with value ["./jest.setup.js"] was found.
  This is probably a typing mistake. Fixing it will remove this message.

  Configuration Documentation:
  https://jestjs.io/docs/configuration

PASS tests/auth.service.test.tsx
PASS tests/Register.test.tsx
PASS tests/Login.test.tsx

Test Suites: 3 passed, 3 total
Tests:       5 passed, 5 total
Snapshots:   0 total
Time:        4.112 s
Ran all test suites.
